// Jest Snapshot v1, https://goo.gl/fbAQLP

exports[`Bomb testing renders this UI as expected 1`] = `
<div
  className="bomb"
>
  <p>
    tick
  </p>
</div>
`;
